
> code-nest@1.0.0 start
> nodemon index.js

[33m[nodemon] 3.1.11[39m
[33m[nodemon] to restart at any time, enter `rs`[39m
[33m[nodemon] watching path(s): *.*[39m
[33m[nodemon] watching extensions: js,mjs,cjs,json[39m
[32m[nodemon] starting `node index.js`[39m
[dotenv@17.2.3] injecting env (2) from .env -- tip: 👥 sync secrets across teammates & machines: https://dotenvx.com/ops
Server Create Successfull
Databse Connect
undefined
undefined
undefined
undefined
undefined
undefined
undefined
undefined
undefined
undefined
undefined
undefined
undefined
undefined
undefined
undefined
undefined
undefined
undefined
[31m[nodemon] app crashed - waiting for file changes before starting...[39m
